[www.sikkakaamyagreens.in/index.html]
[backblue.gif]
[fade.gif]
[index.html]
[www.sikkakaamyagreens.in/img/images/favicon.png]
[www.sikkakaamyagreens.in/js/validation.js]
[maxcdn.bootstrapcdn.com/bootstrap/3.4.1/css/bootstrap.min.css]
[ajax.googleapis.com/ajax/libs/jquery/3.4.1/jquery.min.js]
[maxcdn.bootstrapcdn.com/bootstrap/3.4.1/js/bootstrap.min.js]
[www.sikkakaamyagreens.in/img/images/logo-sikka.jpg]
[www.sikkakaamyagreens.in/brochure.html]
[www.sikkakaamyagreens.in/our-address.html]
[www.sikkakaamyagreens.in/img/images/sikka-kaamya-greens-logo.jpg]
[www.sikkakaamyagreens.in/img/images/sikka-kaamya-greens-1.jpg]
[www.sikkakaamyagreens.in/img/images/sikka-kaamya-greens-2.jpg]
[www.sikkakaamyagreens.in/img/images/sikka-kaamya-greens-3.jpg]
[www.sikkakaamyagreens.in/img/images/sikka-kaamya-greens-4.jpg]
[www.sikkakaamyagreens.in/890-2bhk-flat-for-sale.html]
[www.sikkakaamyagreens.in/990-2bhk-flat-for-sale.html]
[www.sikkakaamyagreens.in/1090-2bhk-flat-for-sale.html]
[www.sikkakaamyagreens.in/1100-2bhk-study-flat-for-sale.html]
[www.sikkakaamyagreens.in/1250-3bhk-flat-for-sale.html]
[www.sikkakaamyagreens.in/1315-3bhk-flat-for-sale.html]
[www.sikkakaamyagreens.in/1450-3bhk-servant-flat-for-sale.html]
[www.sikkakaamyagreens.in/1650-3bhk-servant-flat-for-sale.html]
[www.sikkakaamyagreens.in/1695-4bhk-servant-flat-for-sale.html]
[www.sikkakaamyagreens.in/2150-4bhk-servant-flat-for-sale.html]
[www.sikkakaamyagreens.in/img/icons_resi/prime_location.png]
[www.sikkakaamyagreens.in/img/icons_resi/lift.png]
[www.sikkakaamyagreens.in/img/icons_resi/fire_fighting.png]
[www.sikkakaamyagreens.in/img/icons_resi/intercom.png]
[www.sikkakaamyagreens.in/img/icons_resi/parking.png]
[www.sikkakaamyagreens.in/img/icons_resi/landscape-garden.png]
[www.sikkakaamyagreens.in/img/icons_resi/jogging-track.png]
[www.sikkakaamyagreens.in/img/icons_resi/reflexology-park.png]
[www.sikkakaamyagreens.in/img/icons_resi/yoga.png]
[www.sikkakaamyagreens.in/img/icons_resi/ro.png]
[www.sikkakaamyagreens.in/img/icons_resi/temple.png]
[www.sikkakaamyagreens.in/img/icons_resi/school.png]
[www.sikkakaamyagreens.in/img/icons_resi/club_house.png]
[www.sikkakaamyagreens.in/img/icons_resi/play_zone.png]
[www.sikkakaamyagreens.in/img/icons_resi/gymnasium.png]
[www.sikkakaamyagreens.in/img/icons_resi/badminton_court.png]
[www.sikkakaamyagreens.in/img/icons_resi/basketball_court.png]
[www.sikkakaamyagreens.in/img/icons_resi/table_tennis.png]
[www.sikkakaamyagreens.in/img/icons_resi/pool_table.png]
[www.sikkakaamyagreens.in/img/icons_resi/carrom.png]
[www.sikkakaamyagreens.in/img/icons_resi/skating_rink.png]
[www.sikkakaamyagreens.in/img/icons_resi/cricket_pitch.png]
[www.sikkakaamyagreens.in/img/icons_resi/swimming_pool.png]
[www.sikkakaamyagreens.in/img/icons_resi/amphitheatre.png]
[www.sikkakaamyagreens.in/img/icons_resi/24_hr_security.png]
[www.sikkakaamyagreens.in/img/icons_resi/hi_tech_security.png]
[www.sikkakaamyagreens.in/img/icons_resi/power_backup.png]
[www.sikkakaamyagreens.in/gallery.html]
[www.sikkakaamyagreens.in/img/images/gal-sikka-kaamya-greens-1.jpg]
[www.sikkakaamyagreens.in/img/images/gal-sikka-kaamya-greens-2.jpg]
[www.sikkakaamyagreens.in/img/images/gal-sikka-kaamya-greens-3.jpg]
[www.sikkakaamyagreens.in/img/images/890_2bhk.jpg]
[www.sikkakaamyagreens.in/img/images/990_2bhk.jpg]
[www.sikkakaamyagreens.in/img/images/1090_2bhk.jpg]
[www.sikkakaamyagreens.in/img/images/1100_2bhk_Study.jpg]
[www.sikkakaamyagreens.in/img/images/1250_3bhk.jpg]
[www.sikkakaamyagreens.in/img/images/1315_3bhk.jpg]
[www.sikkakaamyagreens.in/img/images/1450_3bhk_Servant.jpg]
[www.sikkakaamyagreens.in/img/images/1650_3bhk_Servant.jpg]
[www.sikkakaamyagreens.in/img/images/1695_4bhk_Servant.jpg]
[www.sikkakaamyagreens.in/img/images/2150_4bhk_Servant .jpg]
[www.sikkakaamyagreens.in/img/images/sikka-kaamya-greens-site-map.jpg]
[www.sikkakaamyagreens.in/img/images/bg.jpg]
[www.sikkakaamyagreens.in/img/images/sikka-logo.png]
[www.sikkakaamyagreens.in/specifications.html]
[www.sikkakaamyagreens.in/location-map.html]
[www.sikkakaamyagreens.in/site-map.html]
[www.sikkakaamyagreens.in/floor-plan.html]
[www.sikkakaamyagreens.in/price-list.html]
[www.sikkakaamyagreens.in/thank-you.html]
[www.sikkakaamyagreens.in/sitemap.xml]
[www.sikkakaamyagreens.in/js/jquery/jquery-2.2.4.min.js]
[www.sikkakaamyagreens.in/js/plugins.js]
[www.sikkakaamyagreens.in/js/classy-nav.min.js]
[www.sikkakaamyagreens.in/js/jquery-ui.min.js]
[www.sikkakaamyagreens.in/js/active.js]
[www.sikkakaamyagreens.in/js-popup/jquery.fancybox.min.js]
[www.sikkakaamyagreens.in/js-popup/latae.js]
[www.sikkakaamyagreens.in/js-popup/custom.js]
[www.sikkakaamyagreens.in/js-popup/jquery.min.js]
[www.sikkakaamyagreens.in/index.html]
[www.sikkakaamyagreens.in/css/animate.css]
[www.sikkakaamyagreens.in/css/jquery-ui.min.css]
[www.sikkakaamyagreens.in/img/images/bg1.png]
[www.sikkakaamyagreens.in/img/images/bg2.png]
[www.sikkakaamyagreens.in/img/images/bg3.png]
[www.sikkakaamyagreens.in/img/images/bg4.png]
[www.sikkakaamyagreens.in/style.css]
[www.sikkakaamyagreens.in/css/bootstrap.min.css]
[www.sikkakaamyagreens.in/img/ambar-banner.jpg]
[www.sikkakaamyagreens.in/img/contact.png]
[www.sikkakaamyagreens.in/css/bootstrap-theme.css]
[maxcdn.bootstrapcdn.com/bootstrap/3.4.1/css/bootstrap.min.css]
[www.sikkakaamyagreens.in/img/images/banner.jpg]
[www.sikkakaamyagreens.in/img/images/Sikka-Kaamya-Greens-Brochure.pdf]
[www.sikkakaamyagreens.in/brochure.html]
[www.sikkakaamyagreens.in/our-address.html]
[www.sikkakaamyagreens.in/890-2bhk-flat-for-sale.html]
[www.sikkakaamyagreens.in/990-2bhk-flat-for-sale.html]
[www.sikkakaamyagreens.in/1090-2bhk-flat-for-sale.html]
[www.sikkakaamyagreens.in/1100-2bhk-study-flat-for-sale.html]
[www.sikkakaamyagreens.in/1250-3bhk-flat-for-sale.html]
[www.sikkakaamyagreens.in/1315-3bhk-flat-for-sale.html]
[www.sikkakaamyagreens.in/1450-3bhk-servant-flat-for-sale.html]
[www.sikkakaamyagreens.in/1650-3bhk-servant-flat-for-sale.html]
[www.sikkakaamyagreens.in/1695-4bhk-servant-flat-for-sale.html]
[www.sikkakaamyagreens.in/2150-4bhk-servant-flat-for-sale.html]
[www.sikkakaamyagreens.in/gallery.html]
[www.sikkakaamyagreens.in/specifications.html]
[www.sikkakaamyagreens.in/location-map.html]
[www.sikkakaamyagreens.in/site-map.html]
[www.sikkakaamyagreens.in/floor-plan.html]
[www.sikkakaamyagreens.in/img/images/inquire_now.png]
[www.sikkakaamyagreens.in/price-list.html]
[www.sikkakaamyagreens.in/thank-you.html]
[www.sikkakaamyagreens.in/js/jquery-ui.min.html]
[www.sikkakaamyagreens.in/fonts/fontawesome-webfont3e6e.eot]
[www.sikkakaamyagreens.in/fonts/fontawesome-webfontd41d.eot]
[www.sikkakaamyagreens.in/fonts/fontawesome-webfont3e6e.woff2]
[www.sikkakaamyagreens.in/fonts/fontawesome-webfont3e6e.woff]
[www.sikkakaamyagreens.in/fonts/fontawesome-webfont3e6e.ttf]
[www.sikkakaamyagreens.in/css-popup/font-awesome.css]
[www.sikkakaamyagreens.in/css-popup/owl.video.play.png]
[www.sikkakaamyagreens.in/css-popup/owl.carousel.css]
[www.sikkakaamyagreens.in/css-popup/jquery.fancybox.min.css]
[www.sikkakaamyagreens.in/css/animate.html]
[www.sikkakaamyagreens.in/css/owl.video.play.png]
[www.sikkakaamyagreens.in/css/owl.carousel.css]
[www.sikkakaamyagreens.in/fonts/classycb9b.eot]
[www.sikkakaamyagreens.in/fonts/classycb9b.ttf]
[www.sikkakaamyagreens.in/fonts/classycb9b.woff]
[www.sikkakaamyagreens.in/css/classy-nav.min.css]
[www.sikkakaamyagreens.in/css/magnific-popup.css]
[www.sikkakaamyagreens.in/css/font-awesome.min.css]
[www.sikkakaamyagreens.in/fonts/themify9f24.eot]
[www.sikkakaamyagreens.in/fonts/themifyd41d.eot]
[www.sikkakaamyagreens.in/fonts/themify9f24.woff]
[www.sikkakaamyagreens.in/fonts/themify9f24.ttf]
[www.sikkakaamyagreens.in/css/themify-icons.css]
[www.sikkakaamyagreens.in/css/nice-select.css]
[www.sikkakaamyagreens.in/css/jquery-ui.min.html]
[www.sikkakaamyagreens.in/img/images/bg2.html]
[www.sikkakaamyagreens.in/img/images/bg3.html]
[www.sikkakaamyagreens.in/img/images/bg4.html]
[www.sikkakaamyagreens.in/img/ambar-banner.html]
[www.sikkakaamyagreens.in/img/contact.html]
[www.sikkakaamyagreens.in/fonts/fontawesome-webfont3e6e.svg]
[www.sikkakaamyagreens.in/css-popup/owl.video.play.html]
[www.sikkakaamyagreens.in/css/owl.video.play.html]
[www.sikkakaamyagreens.in/fonts/classycb9b.svg]
[www.sikkakaamyagreens.in/fonts/themify9f24.svg]
